\BOOKMARK [0][-]{Doc-Start}{\376\377\000A\000B\000S\000T\000R\000A\000C\000T\000\040\000I\000N\000\040\000E\000N\000G\000L\000I\000S\000H}{}% 1
\BOOKMARK [0][-]{chapter*.1}{\376\377\000A\000C\000K\000N\000O\000W\000L\000E\000D\000G\000E\000M\000E\000N\000T}{}% 2
\BOOKMARK [0][-]{chapter*.1}{\376\377\000T\000A\000B\000L\000E\000\040\000O\000F\000\040\000C\000O\000N\000T\000E\000N\000T\000S}{}% 3
\BOOKMARK [0][-]{chapter*.2}{\376\377\000L\000I\000S\000T\000\040\000O\000F\000\040\000T\000A\000B\000L\000E\000S}{}% 4
\BOOKMARK [0][-]{chapter*.3}{\376\377\000L\000I\000S\000T\000\040\000O\000F\000\040\000F\000I\000G\000U\000R\000E\000S}{}% 5
\BOOKMARK [0][-]{chapter*.4}{\376\377\000L\000I\000S\000T\000\040\000O\000F\000\040\000A\000B\000B\000R\000E\000V\000I\000A\000T\000I\000O\000N\000S\000\040\000A\000N\000D\000\040\000S\000Y\000M\000B\000O\000L\000S}{}% 6
\BOOKMARK [0][-]{chapter.5}{\376\377\000I\000N\000T\000R\000O\000D\000U\000C\000T\000I\000O\000N}{}% 7
\BOOKMARK [1][-]{section.6}{\376\377\000S\000T\000A\000T\000E\000M\000E\000N\000T\000\040\000A\000N\000D\000\040\000S\000I\000G\000N\000I\000F\000I\000C\000A\000N\000C\000E\000\040\000O\000F\000\040\000T\000H\000E\000\040\000P\000R\000O\000B\000L\000E\000M}{chapter.5}% 8
\BOOKMARK [1][-]{section.7}{\376\377\000G\000O\000A\000L\000\040\000A\000N\000D\000\040\000O\000B\000J\000E\000C\000T\000I\000V\000E\000\040\000O\000F\000\040\000T\000H\000E\000\040\000S\000T\000U\000D\000Y}{chapter.5}% 9
\BOOKMARK [1][-]{section.8}{\376\377\000H\000Y\000P\000O\000T\000H\000E\000S\000I\000S}{chapter.5}% 10
\BOOKMARK [2][-]{subsection.9}{\376\377\000A\000u\000t\000o\000n\000o\000m\000o\000u\000s\000\040\000N\000a\000v\000i\000g\000a\000t\000i\000o\000n\000\040\000a\000n\000d\000\040\000O\000b\000s\000t\000a\000c\000l\000e\000\040\000A\000v\000o\000i\000d\000a\000n\000c\000e}{section.8}% 11
\BOOKMARK [2][-]{subsection.10}{\376\377\000E\000f\000f\000e\000c\000t\000i\000v\000e\000n\000e\000s\000s\000\040\000o\000f\000\040\000N\000a\000t\000u\000r\000a\000l\000\040\000L\000a\000n\000g\000u\000a\000g\000e\000\040\000I\000n\000t\000e\000r\000a\000c\000t\000i\000o\000n}{section.8}% 12
\BOOKMARK [2][-]{subsection.11}{\376\377\000I\000m\000p\000r\000o\000v\000e\000d\000\040\000R\000e\000s\000p\000o\000n\000s\000e\000\040\000A\000c\000c\000u\000r\000a\000c\000y\000\040\000t\000h\000r\000o\000u\000g\000h\000\040\000R\000e\000t\000r\000i\000e\000v\000a\000l\000-\000A\000u\000g\000m\000e\000n\000t\000e\000d\000\040\000G\000e\000n\000e\000r\000a\000t\000i\000o\000n\000\040\000\050\000R\000A\000G\000\051}{section.8}% 13
\BOOKMARK [2][-]{subsection.12}{\376\377\000E\000f\000f\000i\000c\000i\000e\000n\000c\000y\000\040\000o\000f\000\040\000D\000a\000t\000a\000\040\000M\000a\000n\000a\000g\000e\000m\000e\000n\000t\000\040\000S\000y\000s\000t\000e\000m}{section.8}% 14
\BOOKMARK [2][-]{subsection.13}{\376\377\000U\000s\000a\000b\000i\000l\000i\000t\000y\000\040\000o\000f\000\040\000V\000o\000i\000c\000e\000-\000B\000a\000s\000e\000d\000\040\000I\000n\000t\000e\000r\000a\000c\000t\000i\000o\000n}{section.8}% 15
\BOOKMARK [2][-]{subsection.14}{\376\377\000U\000s\000e\000r\000\040\000I\000n\000t\000e\000r\000f\000a\000c\000e\000\040\000A\000c\000c\000e\000s\000s\000i\000b\000i\000l\000i\000t\000y\000\040\000a\000n\000d\000\040\000A\000c\000c\000e\000p\000t\000a\000n\000c\000e}{section.8}% 16
\BOOKMARK [2][-]{subsection.15}{\376\377\000R\000e\000a\000l\000-\000T\000i\000m\000e\000\040\000S\000y\000s\000t\000e\000m\000\040\000P\000e\000r\000f\000o\000r\000m\000a\000n\000c\000e}{section.8}% 17
\BOOKMARK [1][-]{section.16}{\376\377\000S\000C\000O\000P\000E\000\040\000O\000F\000\040\000T\000H\000E\000\040\000S\000T\000U\000D\000Y}{chapter.5}% 18
\BOOKMARK [1][-]{section.17}{\376\377\000P\000R\000O\000C\000E\000S\000S\000\040\000O\000F\000\040\000T\000H\000E\000\040\000S\000T\000U\000D\000Y}{chapter.5}% 19
\BOOKMARK [2][-]{subsection.18}{\376\377\000R\000o\000b\000o\000t\000\040\000M\000e\000c\000h\000a\000n\000i\000c\000a\000l\000\040\000D\000e\000s\000i\000g\000n}{section.17}% 20
\BOOKMARK [2][-]{subsection.19}{\376\377\000M\000o\000t\000o\000r\000\040\000S\000e\000l\000e\000c\000t\000i\000o\000n\000\040\000a\000n\000d\000\040\000P\000l\000a\000c\000e\000m\000e\000n\000t}{section.17}% 21
\BOOKMARK [2][-]{subsection.20}{\376\377\000C\000o\000n\000t\000r\000o\000l\000\040\000S\000y\000s\000t\000e\000m\000\040\000D\000e\000s\000i\000g\000n}{section.17}% 22
\BOOKMARK [2][-]{subsection.21}{\376\377\000N\000a\000v\000i\000g\000a\000t\000i\000o\000n\000\040\000a\000n\000d\000\040\000I\000n\000t\000e\000r\000a\000c\000t\000i\000o\000n}{section.17}% 23
\BOOKMARK [2][-]{subsection.22}{\376\377\000T\000e\000s\000t\000i\000n\000g\000\040\000a\000n\000d\000\040\000E\000v\000a\000l\000u\000a\000t\000i\000o\000n}{section.17}% 24
\BOOKMARK [1][-]{section.23}{\376\377\000A\000S\000S\000U\000M\000P\000T\000I\000O\000N\000S}{chapter.5}% 25
\BOOKMARK [2][-]{subsection.24}{\376\377\000H\000a\000r\000d\000w\000a\000r\000e\000\040\000C\000a\000p\000a\000b\000i\000l\000i\000t\000y}{section.23}% 26
\BOOKMARK [2][-]{subsection.25}{\376\377\000P\000o\000w\000e\000r\000\040\000A\000v\000a\000i\000l\000a\000b\000i\000l\000i\000t\000y}{section.23}% 27
\BOOKMARK [2][-]{subsection.26}{\376\377\000E\000n\000v\000i\000r\000o\000n\000m\000e\000n\000t\000a\000l\000\040\000C\000o\000n\000d\000i\000t\000i\000o\000n\000s}{section.23}% 28
\BOOKMARK [2][-]{subsection.27}{\376\377\000N\000e\000t\000w\000o\000r\000k\000\040\000C\000o\000n\000n\000e\000c\000t\000i\000v\000i\000t\000y}{section.23}% 29
\BOOKMARK [1][-]{section.28}{\376\377\000L\000I\000M\000I\000T\000A\000T\000I\000O\000N\000\040\000O\000F\000\040\000T\000H\000E\000\040\000S\000T\000U\000D\000Y}{chapter.5}% 30
\BOOKMARK [2][-]{subsection.29}{\376\377\000T\000e\000c\000h\000n\000i\000c\000a\000l\000\040\000C\000o\000n\000s\000t\000r\000a\000i\000n\000t\000s}{section.28}% 31
\BOOKMARK [2][-]{subsection.30}{\376\377\000N\000o\000n\000-\000T\000e\000c\000h\000n\000i\000c\000a\000l\000\040\000D\000e\000s\000i\000g\000n\000\040\000C\000o\000n\000s\000t\000r\000a\000i\000n\000t\000s}{section.28}% 32
\BOOKMARK [1][-]{section.31}{\376\377\000D\000E\000F\000I\000N\000I\000T\000I\000O\000N\000S}{chapter.5}% 33
\BOOKMARK [0][-]{chapter.33}{\376\377\000L\000I\000T\000E\000R\000A\000T\000U\000R\000E\000\040\000R\000E\000V\000I\000E\000W}{}% 34
\BOOKMARK [1][-]{section.34}{\376\377\000M\000E\000C\000H\000A\000N\000I\000C\000A\000L\000\040\000D\000E\000S\000I\000G\000N}{chapter.33}% 35
\BOOKMARK [2][-]{subsection.35}{\376\377\000S\000t\000r\000u\000c\000t\000u\000r\000a\000l\000\040\000a\000n\000d\000\040\000E\000x\000t\000e\000r\000i\000o\000r\000\040\000D\000e\000s\000i\000g\000n}{section.34}% 36
\BOOKMARK [2][-]{subsection.38}{\376\377\000M\000a\000t\000e\000r\000i\000a\000l\000\040\000S\000e\000l\000e\000c\000t\000i\000o\000n}{section.34}% 37
\BOOKMARK [3][-]{subsubsection.40}{\376\377\000A\000l\000u\000m\000i\000n\000u\000m}{subsection.38}% 38
\BOOKMARK [3][-]{subsubsection.41}{\376\377\000A\000c\000r\000y\000l\000i\000c}{subsection.38}% 39
\BOOKMARK [3][-]{subsubsection.42}{\376\377\000P\000L\000A\000\040\000a\000n\000d\000\040\000A\000d\000d\000i\000t\000i\000v\000e\000\040\000M\000a\000n\000u\000f\000a\000c\000t\000u\000r\000i\000n\000g}{subsection.38}% 40
\BOOKMARK [2][-]{subsection.43}{\376\377\000T\000o\000r\000q\000u\000e}{section.34}% 41
\BOOKMARK [2][-]{subsection.48}{\376\377\000K\000i\000n\000e\000m\000a\000t\000i\000c\000s}{section.34}% 42
\BOOKMARK [1][-]{section.53}{\376\377\000E\000L\000E\000C\000T\000R\000I\000C\000A\000L\000\040\000D\000E\000S\000I\000G\000N}{chapter.33}% 43
\BOOKMARK [2][-]{subsection.54}{\376\377\000P\000o\000w\000e\000r\000\040\000S\000u\000p\000p\000l\000y\000\040\000A\000r\000c\000h\000i\000t\000e\000c\000t\000u\000r\000e\000\040\000a\000n\000d\000\040\000E\000l\000e\000c\000t\000r\000i\000c\000a\000l\000\040\000S\000a\000f\000e\000t\000y}{section.53}% 44
\BOOKMARK [3][-]{subsubsection.55}{\376\377\000S\000e\000r\000i\000e\000s\000\040\000a\000n\000d\000\040\000P\000a\000r\000a\000l\000l\000e\000l\000\040\000C\000o\000n\000n\000e\000c\000t\000i\000o\000n}{subsection.54}% 45
\BOOKMARK [3][-]{subsubsection.60}{\376\377\000E\000l\000e\000c\000t\000r\000i\000c\000a\000l\000\040\000S\000a\000f\000e\000t\000y\000\040\000C\000o\000n\000s\000i\000d\000e\000r\000a\000t\000i\000o\000n\000s}{subsection.54}% 46
\BOOKMARK [2][-]{subsection.61}{\376\377\000D\000C\000\040\000t\000o\000\040\000D\000C\000\040\000B\000u\000c\000k\000\040\000C\000o\000n\000v\000e\000r\000t\000e\000r}{section.53}% 47
\BOOKMARK [2][-]{subsection.65}{\376\377\000P\000o\000w\000e\000r\000\040\000C\000o\000n\000s\000u\000m\000p\000t\000i\000o\000n\000\040\000A\000n\000a\000l\000y\000s\000i\000s}{section.53}% 48
\BOOKMARK [2][-]{subsection.72}{\376\377\000E\000l\000e\000c\000t\000r\000i\000c\000a\000l\000\040\000I\000n\000t\000e\000r\000c\000o\000n\000n\000e\000c\000t\000i\000o\000n\000\040\000a\000n\000d\000\040\000P\000o\000w\000e\000r\000\040\000D\000i\000s\000t\000r\000i\000b\000u\000t\000i\000o\000n}{section.53}% 49
\BOOKMARK [1][-]{section.73}{\376\377\000S\000O\000F\000T\000W\000A\000R\000E\000\040\000D\000E\000S\000I\000G\000N}{chapter.33}% 50
\BOOKMARK [2][-]{subsection.74}{\376\377\000M\000o\000b\000i\000l\000e\000\040\000R\000o\000b\000o\000t}{section.73}% 51
\BOOKMARK [3][-]{subsubsection.75}{\376\377\000R\000O\000S\000\040\0002\000\040\000\050\000R\000o\000b\000o\000t\000\040\000O\000p\000e\000r\000a\000t\000i\000n\000g\000\040\000S\000y\000s\000t\000e\000m\000\040\0002\000\051}{subsection.74}% 52
\BOOKMARK [3][-]{subsubsection.76}{\376\377\000N\000a\000v\000i\000g\000a\000t\000i\000o\000n\000\040\000F\000r\000a\000m\000e\000w\000o\000r\000k\000\040\000a\000n\000d\000\040\000N\000a\000v\0002\000\040\000S\000t\000a\000c\000k}{subsection.74}% 53
\BOOKMARK [3][-]{subsubsection.77}{\376\377\000O\000d\000o\000m\000e\000t\000r\000y\000\040\000a\000n\000d\000\040\000S\000e\000n\000s\000o\000r\000\040\000F\000u\000s\000i\000o\000n}{subsection.74}% 54
\BOOKMARK [3][-]{subsubsection.78}{\376\377\000L\000i\000D\000A\000R\000-\000B\000a\000s\000e\000d\000\040\000P\000e\000r\000c\000e\000p\000t\000i\000o\000n\000\040\000a\000n\000d\000\040\000S\000c\000a\000n\000\040\000M\000a\000t\000c\000h\000i\000n\000g}{subsection.74}% 55
\BOOKMARK [3][-]{subsubsection.79}{\376\377\000L\000o\000c\000a\000l\000i\000z\000a\000t\000i\000o\000n\000\040\000u\000s\000i\000n\000g\000\040\000A\000M\000C\000L}{subsection.74}% 56
\BOOKMARK [3][-]{subsubsection.80}{\376\377\000P\000a\000t\000h\000\040\000P\000l\000a\000n\000n\000i\000n\000g\000\040\000a\000n\000d\000\040\000A\000u\000t\000o\000n\000o\000m\000o\000u\000s\000\040\000N\000a\000v\000i\000g\000a\000t\000i\000o\000n}{subsection.74}% 57
\BOOKMARK [3][-]{subsubsection.81}{\376\377\000S\000t\000a\000t\000e\000\040\000M\000a\000c\000h\000i\000n\000e\000\040\000f\000o\000r\000\040\000R\000o\000b\000o\000t\000\040\000B\000e\000h\000a\000v\000i\000o\000r\000\040\000C\000o\000n\000t\000r\000o\000l}{subsection.74}% 58
\BOOKMARK [3][-]{subsubsection.82}{\376\377\000H\000u\000m\000a\000n\000-\000R\000o\000b\000o\000t\000\040\000I\000n\000t\000e\000r\000a\000c\000t\000i\000o\000n\000\040\000v\000i\000a\000\040\000W\000e\000b\000\040\000I\000n\000t\000e\000g\000r\000a\000t\000i\000o\000n}{subsection.74}% 59
\BOOKMARK [3][-]{subsubsection.83}{\376\377\000C\000o\000m\000m\000u\000n\000i\000c\000a\000t\000i\000o\000n\000\040\000P\000r\000o\000t\000o\000c\000o\000l\000s\000\040\000i\000n\000\040\000R\000o\000b\000o\000t\000i\000c\000s}{subsection.74}% 60
\BOOKMARK [2][-]{subsection.84}{\376\377\000D\000a\000t\000a\000b\000a\000s\000e\000\040\000M\000a\000n\000a\000g\000e\000m\000e\000n\000t}{section.73}% 61
\BOOKMARK [3][-]{subsubsection.85}{\376\377\000R\000e\000t\000r\000i\000e\000v\000a\000l\000-\000A\000u\000g\000m\000e\000n\000t\000e\000d\000\040\000G\000e\000n\000e\000r\000a\000t\000i\000o\000n\000\040\000\050\000R\000A\000G\000\051}{subsection.84}% 62
\BOOKMARK [3][-]{subsubsection.86}{\376\377\000V\000e\000c\000t\000o\000r\000\040\000D\000a\000t\000a\000b\000a\000s\000e}{subsection.84}% 63
\BOOKMARK [3][-]{subsubsection.87}{\376\377\000E\000m\000b\000e\000d\000d\000i\000n\000g\000s}{subsection.84}% 64
\BOOKMARK [3][-]{subsubsection.88}{\376\377\000M\000i\000l\000v\000u\000s}{subsection.84}% 65
\BOOKMARK [3][-]{subsubsection.89}{\376\377\000S\000Q\000L\000\040\000\050\000S\000t\000r\000u\000c\000t\000u\000r\000e\000d\000\040\000Q\000u\000e\000r\000y\000\040\000L\000a\000n\000g\000u\000a\000g\000e\000\051}{subsection.84}% 66
\BOOKMARK [2][-]{subsection.90}{\376\377\000A\000r\000t\000i\000f\000i\000c\000i\000a\000l\000\040\000I\000n\000t\000e\000l\000l\000i\000g\000e\000n\000c\000e}{section.73}% 67
\BOOKMARK [3][-]{subsubsection.91}{\376\377\000F\000a\000c\000e\000\040\000R\000e\000c\000o\000g\000n\000i\000t\000i\000o\000n}{subsection.90}% 68
\BOOKMARK [3][-]{subsubsection.92}{\376\377\000N\000a\000t\000u\000r\000a\000l\000\040\000L\000a\000n\000g\000u\000a\000g\000e\000\040\000P\000r\000o\000c\000e\000s\000s\000i\000n\000g\000\040\000\050\000N\000L\000P\000\051}{subsection.90}% 69
\BOOKMARK [3][-]{subsubsection.93}{\376\377\000L\000a\000r\000g\000e\000\040\000L\000a\000n\000g\000u\000a\000g\000e\000\040\000M\000o\000d\000e\000l\000\040\000\050\000L\000L\000M\000\051}{subsection.90}% 70
\BOOKMARK [3][-]{subsubsection.94}{\376\377\000T\000e\000x\000t\000-\000t\000o\000-\000S\000p\000e\000e\000c\000h\000\040\000\050\000T\000T\000S\000\051}{subsection.90}% 71
\BOOKMARK [3][-]{subsubsection.95}{\376\377\000A\000u\000t\000o\000m\000a\000t\000i\000c\000\040\000S\000p\000e\000e\000c\000h\000\040\000R\000e\000c\000o\000g\000n\000i\000t\000i\000o\000n\000\040\000\050\000A\000S\000R\000\051}{subsection.90}% 72
\BOOKMARK [3][-]{subsubsection.96}{\376\377\000V\000o\000i\000c\000e\000\040\000A\000c\000t\000i\000v\000i\000t\000y\000\040\000D\000e\000t\000e\000c\000t\000i\000o\000n\000\040\000\050\000V\000A\000D\000\051}{subsection.90}% 73
\BOOKMARK [3][-]{subsubsection.97}{\376\377\000M\000u\000l\000t\000i\000-\000O\000b\000j\000e\000c\000t\000\040\000T\000r\000a\000c\000k\000i\000n\000g}{subsection.90}% 74
\BOOKMARK [0][-]{chapter.98}{\376\377\000M\000E\000T\000H\000O\000D\000O\000L\000O\000G\000Y}{}% 75
\BOOKMARK [1][-]{section.99}{\376\377\000S\000Y\000S\000T\000E\000M\000\040\000O\000V\000E\000R\000V\000I\000E\000W}{chapter.98}% 76
\BOOKMARK [2][-]{subsection.101}{\376\377\000D\000i\000s\000t\000r\000i\000b\000u\000t\000e\000d\000\040\000N\000o\000d\000e\000\040\000A\000r\000c\000h\000i\000t\000e\000c\000t\000u\000r\000e}{section.99}% 77
\BOOKMARK [2][-]{subsection.104}{\376\377\000E\000n\000d\000-\000t\000o\000-\000E\000n\000d\000\040\000I\000n\000t\000e\000r\000a\000c\000t\000i\000o\000n\000\040\000P\000i\000p\000e\000l\000i\000n\000e}{section.99}% 78
\BOOKMARK [1][-]{section.110}{\376\377\000M\000E\000C\000H\000A\000N\000I\000C\000A\000L\000\040\000D\000E\000S\000I\000G\000N\000\040\000A\000N\000D\000\040\000C\000O\000N\000S\000T\000R\000U\000C\000T\000I\000O\000N}{chapter.98}% 79
\BOOKMARK [2][-]{subsection.111}{\376\377\000O\000v\000e\000r\000a\000l\000l\000\040\000B\000o\000d\000y\000\040\000S\000t\000r\000u\000c\000t\000u\000r\000e}{section.110}% 80
\BOOKMARK [3][-]{subsubsection.113}{\376\377\000B\000a\000s\000e\000\040\000S\000t\000r\000u\000c\000t\000u\000r\000e}{subsection.111}% 81
\BOOKMARK [3][-]{subsubsection.115}{\376\377\000U\000p\000p\000e\000r\000\040\000B\000o\000d\000y\000\040\000S\000t\000r\000u\000c\000t\000u\000r\000e}{subsection.111}% 82
\BOOKMARK [2][-]{subsection.118}{\376\377\000E\000x\000t\000e\000r\000i\000o\000r\000\040\000C\000a\000s\000i\000n\000g\000\040\000D\000e\000s\000i\000g\000n}{section.110}% 83
\BOOKMARK [3][-]{subsubsection.119}{\376\377\000H\000e\000a\000d\000\040\000C\000a\000s\000i\000n\000g\000\040\000D\000e\000s\000i\000g\000n}{subsection.118}% 84
\BOOKMARK [2][-]{subsection.121}{\376\377\000M\000a\000t\000e\000r\000i\000a\000l\000s\000\040\000a\000n\000d\000\040\000F\000a\000b\000r\000i\000c\000a\000t\000i\000o\000n}{section.110}% 85
\BOOKMARK [3][-]{subsubsection.122}{\376\377\000A\000l\000u\000m\000i\000n\000u\000m}{subsection.121}% 86
\BOOKMARK [3][-]{subsubsection.123}{\376\377\000A\000c\000r\000y\000l\000i\000c}{subsection.121}% 87
\BOOKMARK [3][-]{subsubsection.125}{\376\377\0003\000D\000-\000P\000r\000i\000n\000t\000e\000d\000\040\000P\000L\000A}{subsection.121}% 88
\BOOKMARK [3][-]{subsubsection.126}{\376\377\000F\000a\000b\000r\000i\000c\000a\000t\000i\000o\000n\000\040\000P\000r\000o\000c\000e\000s\000s}{subsection.121}% 89
\BOOKMARK [1][-]{section.127}{\376\377\000E\000L\000E\000C\000T\000R\000I\000C\000A\000L\000\040\000S\000Y\000S\000T\000E\000M\000\040\000D\000E\000S\000I\000G\000N}{chapter.98}% 90
\BOOKMARK [2][-]{subsection.128}{\376\377\000P\000o\000w\000e\000r\000\040\000S\000y\000s\000t\000e\000m\000\040\000D\000e\000s\000i\000g\000n}{section.127}% 91
\BOOKMARK [3][-]{subsubsection.132}{\376\377\000P\000o\000w\000e\000r\000\040\000C\000o\000n\000s\000u\000m\000p\000t\000i\000o\000n\000\040\000E\000s\000t\000i\000m\000a\000t\000i\000o\000n}{subsection.128}% 92
\BOOKMARK [1][-]{section.134}{\376\377\000R\000O\000S\000\040\000S\000Y\000S\000T\000E\000M\000\040\000A\000R\000C\000H\000I\000T\000E\000C\000T\000U\000R\000E\000\040\000A\000N\000D\000\040\000D\000E\000V\000E\000L\000O\000P\000M\000E\000N\000T}{chapter.98}% 93
\BOOKMARK [2][-]{subsection.135}{\376\377\000R\000O\000S\000\040\000A\000r\000c\000h\000i\000t\000e\000c\000t\000u\000r\000e\000\040\000O\000v\000e\000r\000v\000i\000e\000w}{section.134}% 94
\BOOKMARK [2][-]{subsection.139}{\376\377\000H\000a\000r\000d\000w\000a\000r\000e\000\040\000C\000o\000m\000m\000u\000n\000i\000c\000a\000t\000i\000o\000n\000\040\000a\000n\000d\000\040\000M\000o\000t\000o\000r\000\040\000C\000o\000n\000t\000r\000o\000l}{section.134}% 95
\BOOKMARK [2][-]{subsection.142}{\376\377\000O\000m\000n\000i\000d\000i\000r\000e\000c\000t\000i\000o\000n\000a\000l\000\040\000K\000i\000n\000e\000m\000a\000t\000i\000c\000s}{section.134}% 96
\BOOKMARK [2][-]{subsection.145}{\376\377\000S\000e\000n\000s\000o\000r\000\040\000P\000r\000o\000c\000e\000s\000s\000i\000n\000g\000\040\000a\000n\000d\000\040\000O\000d\000o\000m\000e\000t\000r\000y}{section.134}% 97
\BOOKMARK [3][-]{subsubsection.146}{\376\377\000I\000M\000U\000\040\000P\000r\000o\000c\000e\000s\000s\000i\000n\000g\000\040\000a\000n\000d\000\040\000O\000d\000o\000m\000e\000t\000r\000y\000\040\000E\000s\000t\000i\000m\000a\000t\000i\000o\000n}{subsection.145}% 98
\BOOKMARK [3][-]{subsubsection.148}{\376\377\000L\000i\000D\000A\000R\000\040\000I\000n\000t\000e\000g\000r\000a\000t\000i\000o\000n\000\040\000a\000n\000d\000\040\000S\000c\000a\000n\000\040\000F\000i\000l\000t\000e\000r\000i\000n\000g}{subsection.145}% 99
\BOOKMARK [3][-]{subsubsection.150}{\376\377\000S\000c\000a\000n\000\040\000M\000a\000t\000c\000h\000i\000n\000g\000\040\000O\000d\000o\000m\000e\000t\000r\000y}{subsection.145}% 100
\BOOKMARK [2][-]{subsection.152}{\376\377\000N\000a\000v\000i\000g\000a\000t\000i\000o\000n\000\040\000S\000t\000a\000c\000k\000\040\000a\000n\000d\000\040\000B\000e\000h\000a\000v\000i\000o\000u\000r}{section.134}% 101
\BOOKMARK [3][-]{subsubsection.153}{\376\377\000M\000a\000p\000-\000B\000a\000s\000e\000d\000\040\000L\000o\000c\000a\000l\000i\000s\000a\000t\000i\000o\000n\000\040\000w\000i\000t\000h\000\040\000A\000M\000C\000L}{subsection.152}% 102
\BOOKMARK [3][-]{subsubsection.155}{\376\377\000A\000u\000t\000o\000-\000L\000o\000c\000a\000l\000i\000s\000a\000t\000i\000o\000n\000\040\000a\000t\000\040\000I\000n\000i\000t\000i\000a\000l\000\040\000P\000o\000s\000i\000t\000i\000o\000n}{subsection.152}% 103
\BOOKMARK [3][-]{subsubsection.156}{\376\377\000P\000a\000t\000h\000\040\000P\000l\000a\000n\000n\000i\000n\000g}{subsection.152}% 104
\BOOKMARK [3][-]{subsubsection.157}{\376\377\000S\000t\000u\000c\000k\000\040\000D\000e\000t\000e\000c\000t\000i\000o\000n\000\040\000a\000n\000d\000\040\000R\000e\000c\000o\000v\000e\000r\000y}{subsection.152}% 105
\BOOKMARK [3][-]{subsubsection.161}{\376\377\000N\000a\000v\000i\000g\000a\000t\000i\000o\000n\000\040\000S\000t\000a\000t\000e\000\040\000M\000a\000c\000h\000i\000n\000e}{subsection.152}% 106
\BOOKMARK [3][-]{subsubsection.163}{\376\377\000I\000d\000l\000e\000\040\000a\000n\000d\000\040\000S\000t\000o\000p\000\040\000S\000t\000a\000t\000e}{subsection.152}% 107
\BOOKMARK [3][-]{subsubsection.164}{\376\377\000A\000u\000t\000o\000n\000o\000m\000o\000u\000s\000\040\000R\000o\000a\000m\000i\000n\000g\000\040\000S\000t\000a\000t\000e}{subsection.152}% 108
\BOOKMARK [3][-]{subsubsection.165}{\376\377\000G\000o\000a\000l\000-\000D\000i\000r\000e\000c\000t\000e\000d\000\040\000N\000a\000v\000i\000g\000a\000t\000i\000o\000n\000\040\000S\000t\000a\000t\000e}{subsection.152}% 109
\BOOKMARK [3][-]{subsubsection.166}{\376\377\000H\000T\000T\000P\000\040\000B\000r\000i\000d\000g\000e\000\040\000f\000o\000r\000\040\000E\000x\000t\000e\000r\000n\000a\000l\000\040\000S\000y\000s\000t\000e\000m\000\040\000I\000n\000t\000e\000g\000r\000a\000t\000i\000o\000n}{subsection.152}% 110
\BOOKMARK [1][-]{section.167}{\376\377\000S\000O\000F\000T\000W\000A\000R\000E\000\040\000D\000E\000S\000I\000G\000N\000\040\000A\000N\000D\000\040\000D\000E\000V\000E\000L\000O\000P\000M\000E\000N\000T}{chapter.98}% 111
\BOOKMARK [2][-]{subsection.168}{\376\377\000S\000o\000f\000t\000w\000a\000r\000e\000\040\000A\000r\000c\000h\000i\000t\000e\000c\000t\000u\000r\000e\000\040\000O\000v\000e\000r\000v\000i\000e\000w}{section.167}% 112
\BOOKMARK [2][-]{subsection.169}{\376\377\000D\000a\000t\000a\000b\000a\000s\000e\000\040\000D\000e\000s\000i\000g\000n}{section.167}% 113
\BOOKMARK [3][-]{subsubsection.170}{\376\377\000M\000i\000l\000v\000u\000s\000\040\000V\000e\000c\000t\000o\000r\000\040\000D\000a\000t\000a\000b\000a\000s\000e}{subsection.169}% 114
\BOOKMARK [3][-]{subsubsection.171}{\376\377\000M\000y\000S\000Q\000L\000\040\000R\000e\000l\000a\000t\000i\000o\000n\000a\000l\000\040\000D\000a\000t\000a\000b\000a\000s\000e}{subsection.169}% 115
\BOOKMARK [3][-]{subsubsection.172}{\376\377\000D\000a\000t\000a\000b\000a\000s\000e\000\040\000S\000y\000n\000c\000h\000r\000o\000n\000i\000s\000a\000t\000i\000o\000n}{subsection.169}% 116
\BOOKMARK [2][-]{subsection.173}{\376\377\000L\000L\000M\000\040\000I\000n\000t\000e\000g\000r\000a\000t\000i\000o\000n\000\040\000M\000o\000d\000u\000l\000e}{section.167}% 117
\BOOKMARK [3][-]{subsubsection.174}{\376\377\000Q\000u\000e\000r\000y\000\040\000R\000o\000u\000t\000i\000n\000g\000\040\000S\000t\000r\000a\000t\000e\000g\000y}{subsection.173}% 118
\BOOKMARK [3][-]{subsubsection.177}{\376\377\000P\000e\000r\000s\000o\000n\000a\000l\000i\000s\000e\000d\000\040\000P\000r\000o\000m\000p\000t\000\040\000G\000e\000n\000e\000r\000a\000t\000i\000o\000n}{subsection.173}% 119
\BOOKMARK [3][-]{subsubsection.178}{\376\377\000O\000u\000t\000p\000u\000t\000\040\000S\000c\000h\000e\000m\000a\000\040\000a\000n\000d\000\040\000I\000n\000t\000e\000n\000t\000\040\000C\000l\000a\000s\000s\000i\000f\000i\000c\000a\000t\000i\000o\000n}{subsection.173}% 120
\BOOKMARK [3][-]{subsubsection.179}{\376\377\000S\000e\000s\000s\000i\000o\000n\000\040\000M\000e\000m\000o\000r\000y\000\040\000a\000n\000d\000\040\000P\000e\000r\000s\000i\000s\000t\000e\000n\000c\000e}{subsection.173}% 121
\BOOKMARK [2][-]{subsection.180}{\376\377\000S\000p\000e\000e\000c\000h\000\040\000P\000r\000o\000c\000e\000s\000s\000i\000n\000g\000\040\000S\000u\000b\000s\000y\000s\000t\000e\000m}{section.167}% 122
\BOOKMARK [3][-]{subsubsection.181}{\376\377\000S\000p\000e\000e\000c\000h\000-\000t\000o\000-\000T\000e\000x\000t\000\040\000a\000n\000d\000\040\000G\000r\000a\000m\000m\000a\000r\000\040\000C\000o\000r\000r\000e\000c\000t\000i\000o\000n}{subsection.180}% 123
\BOOKMARK [2][-]{subsection.183}{\376\377\000G\000r\000a\000m\000m\000a\000r\000\040\000N\000o\000r\000m\000a\000l\000i\000s\000a\000t\000i\000o\000n}{section.167}% 124
\BOOKMARK [2][-]{subsection.184}{\376\377\000R\000o\000b\000u\000s\000t\000n\000e\000s\000s\000\040\000M\000e\000c\000h\000a\000n\000i\000s\000m\000s}{section.167}% 125
\BOOKMARK [3][-]{subsubsection.185}{\376\377\000T\000e\000x\000t\000-\000t\000o\000-\000S\000p\000e\000e\000c\000h\000\040\000M\000o\000d\000u\000l\000e}{subsection.184}% 126
\BOOKMARK [3][-]{subsubsection.186}{\376\377\000A\000u\000d\000i\000o\000\040\000S\000i\000d\000e\000c\000a\000r\000\040\000S\000e\000r\000v\000i\000c\000e}{subsection.184}% 127
\BOOKMARK [2][-]{subsection.191}{\376\377\000I\000n\000f\000e\000r\000e\000n\000c\000e\000\040\000P\000i\000p\000e\000l\000i\000n\000e}{section.167}% 128
\BOOKMARK [2][-]{subsection.202}{\376\377\000V\000i\000s\000i\000o\000n\000\040\000a\000n\000d\000\040\000F\000a\000c\000e\000\040\000R\000e\000c\000o\000g\000n\000i\000t\000i\000o\000n\000\040\000S\000u\000b\000s\000y\000s\000t\000e\000m}{section.167}% 129
\BOOKMARK [3][-]{subsubsection.204}{\376\377\000D\000e\000t\000e\000c\000t\000i\000o\000n\000\040\000a\000n\000d\000\040\000T\000r\000a\000c\000k\000i\000n\000g}{subsection.202}% 130
\BOOKMARK [3][-]{subsubsection.205}{\376\377\000H\000e\000a\000d\000\040\000P\000o\000s\000e\000\040\000E\000s\000t\000i\000m\000a\000t\000i\000o\000n\000\040\000a\000n\000d\000\040\000F\000r\000o\000n\000t\000a\000l\000\040\000G\000a\000t\000e}{subsection.202}% 131
\BOOKMARK [3][-]{subsubsection.206}{\376\377\000F\000a\000c\000e\000\040\000R\000e\000c\000o\000g\000n\000i\000t\000i\000o\000n}{subsection.202}% 132
\BOOKMARK [3][-]{subsubsection.207}{\376\377\000W\000e\000b\000S\000o\000c\000k\000e\000t\000\040\000E\000v\000e\000n\000t\000\040\000E\000m\000i\000s\000s\000i\000o\000n}{subsection.202}% 133
\BOOKMARK [2][-]{subsection.209}{\376\377\000E\000d\000g\000e\000\040\000A\000u\000d\000i\000o\000\040\000C\000o\000o\000r\000d\000i\000n\000a\000t\000i\000o\000n\000\040\000S\000u\000b\000s\000y\000s\000t\000e\000m}{section.167}% 134
\BOOKMARK [3][-]{subsubsection.211}{\376\377\000C\000o\000n\000c\000u\000r\000r\000e\000n\000t\000\040\000T\000a\000s\000k\000\040\000A\000r\000c\000h\000i\000t\000e\000c\000t\000u\000r\000e}{subsection.209}% 135
\BOOKMARK [3][-]{subsubsection.212}{\376\377\000V\000o\000i\000c\000e\000\040\000A\000c\000t\000i\000v\000i\000t\000y\000\040\000D\000e\000t\000e\000c\000t\000i\000o\000n\000\040\000a\000n\000d\000\040\000T\000r\000a\000n\000s\000c\000r\000i\000p\000t\000i\000o\000n}{subsection.209}% 136
\BOOKMARK [3][-]{subsubsection.213}{\376\377\000D\000e\000t\000e\000c\000t\000i\000o\000n\000-\000S\000p\000e\000e\000c\000h\000\040\000C\000o\000m\000b\000i\000n\000e\000r\000\040\000L\000o\000g\000i\000c}{subsection.209}% 137
\BOOKMARK [3][-]{subsubsection.219}{\376\377\000A\000u\000d\000i\000o\000\040\000P\000l\000a\000y\000b\000a\000c\000k\000\040\000a\000n\000d\000\040\000W\000a\000t\000c\000h\000d\000o\000g}{subsection.209}% 138
\BOOKMARK [2][-]{subsection.220}{\376\377\000E\000x\000p\000r\000e\000s\000s\000i\000v\000e\000\040\000R\000o\000b\000o\000t\000\040\000I\000n\000t\000e\000r\000f\000a\000c\000e\000\040\000S\000u\000b\000s\000y\000s\000t\000e\000m}{section.167}% 139
\BOOKMARK [3][-]{subsubsection.221}{\376\377\000E\000x\000p\000r\000e\000s\000s\000i\000o\000n\000\040\000S\000y\000s\000t\000e\000m}{subsection.220}% 140
\BOOKMARK [3][-]{subsubsection.224}{\376\377\000I\000P\000C\000\040\000A\000r\000c\000h\000i\000t\000e\000c\000t\000u\000r\000e}{subsection.220}% 141
\BOOKMARK [3][-]{subsubsection.225}{\376\377\000D\000e\000v\000e\000l\000o\000p\000e\000r\000\040\000I\000n\000t\000e\000r\000f\000a\000c\000e\000\040\000M\000o\000d\000e}{subsection.220}% 142
\BOOKMARK [2][-]{subsection.227}{\376\377\000A\000u\000t\000o\000n\000o\000m\000o\000u\000s\000\040\000N\000a\000v\000i\000g\000a\000t\000i\000o\000n\000\040\000S\000u\000b\000s\000y\000s\000t\000e\000m}{section.167}% 143
\BOOKMARK [3][-]{subsubsection.228}{\376\377\000H\000a\000r\000d\000w\000a\000r\000e\000\040\000L\000a\000y\000e\000r\000\040\000a\000n\000d\000\040\000O\000d\000o\000m\000e\000t\000r\000y}{subsection.227}% 144
\BOOKMARK [3][-]{subsubsection.229}{\376\377\000L\000o\000c\000a\000l\000i\000s\000a\000t\000i\000o\000n\000\040\000a\000n\000d\000\040\000P\000a\000t\000h\000\040\000P\000l\000a\000n\000n\000i\000n\000g}{subsection.227}% 145
\BOOKMARK [3][-]{subsubsection.230}{\376\377\000H\000T\000T\000P\000\040\000B\000r\000i\000d\000g\000e\000\040\000a\000n\000d\000\040\000N\000a\000v\000i\000g\000a\000t\000i\000o\000n\000\040\000S\000t\000a\000t\000e\000\040\000M\000a\000c\000h\000i\000n\000e}{subsection.227}% 146
\BOOKMARK [2][-]{subsection.233}{\376\377\000S\000y\000s\000t\000e\000m\000\040\000I\000n\000t\000e\000g\000r\000a\000t\000i\000o\000n\000\040\000a\000n\000d\000\040\000E\000n\000d\000-\000t\000o\000-\000E\000n\000d\000\040\000F\000l\000o\000w}{section.167}% 147
\BOOKMARK [3][-]{subsubsection.234}{\376\377\000I\000n\000t\000e\000r\000-\000s\000u\000b\000s\000y\000s\000t\000e\000m\000\040\000C\000o\000m\000m\000u\000n\000i\000c\000a\000t\000i\000o\000n\000\040\000A\000r\000c\000h\000i\000t\000e\000c\000t\000u\000r\000e}{subsection.233}% 148
\BOOKMARK [3][-]{subsubsection.236}{\376\377\000I\000n\000t\000e\000r\000a\000c\000t\000i\000o\000n\000\040\000S\000c\000e\000n\000a\000r\000i\000o\000s}{subsection.233}% 149
\BOOKMARK [2][-]{subsection.250}{\376\377\000S\000e\000s\000s\000i\000o\000n\000\040\000a\000n\000d\000\040\000S\000t\000a\000t\000e\000\040\000M\000a\000n\000a\000g\000e\000m\000e\000n\000t}{section.167}% 150
\BOOKMARK [3][-]{subsubsection.251}{\376\377\000R\000o\000b\000o\000t\000\040\000I\000n\000t\000e\000r\000a\000c\000t\000i\000o\000n\000\040\000S\000t\000a\000t\000e}{subsection.250}% 151
\BOOKMARK [3][-]{subsubsection.252}{\376\377\000S\000t\000u\000d\000e\000n\000t\000\040\000S\000e\000s\000s\000i\000o\000n\000\040\000L\000i\000f\000e\000c\000y\000c\000l\000e}{subsection.250}% 152
\BOOKMARK [3][-]{subsubsection.256}{\376\377\000N\000a\000v\000i\000g\000a\000t\000i\000o\000n\000\040\000S\000t\000a\000t\000e\000\040\000M\000a\000c\000h\000i\000n\000e}{subsection.250}% 153
\BOOKMARK [0][-]{chapter.257}{\376\377\000R\000E\000S\000U\000L\000T\000S}{}% 154
\BOOKMARK [1][-]{section.258}{\376\377\000R\000O\000B\000O\000T\000\040\000D\000E\000S\000I\000G\000N}{chapter.257}% 155
\BOOKMARK [1][-]{section.261}{\376\377\000D\000E\000V\000E\000L\000O\000P\000M\000E\000N\000T\000\040\000E\000N\000V\000I\000R\000O\000N\000M\000E\000N\000T\000\040\000A\000N\000D\000\040\000D\000E\000P\000E\000N\000D\000E\000N\000C\000I\000E\000S}{chapter.257}% 156
\BOOKMARK [1][-]{section.262}{\376\377\000D\000A\000T\000A\000B\000A\000S\000E\000\040\000S\000E\000T\000U\000P\000\040\000A\000N\000D\000\040\000K\000N\000O\000W\000L\000E\000D\000G\000E\000\040\000I\000N\000G\000E\000S\000T\000I\000O\000N}{chapter.257}% 157
\BOOKMARK [1][-]{section.263}{\376\377\000A\000P\000I\000\040\000E\000N\000D\000P\000O\000I\000N\000T\000\040\000B\000E\000H\000A\000V\000I\000O\000U\000R}{chapter.257}% 158
\BOOKMARK [1][-]{section.264}{\376\377\000P\000E\000R\000F\000O\000R\000M\000A\000N\000C\000E\000\040\000E\000V\000A\000L\000U\000A\000T\000I\000O\000N}{chapter.257}% 159
\BOOKMARK [2][-]{subsection.265}{\376\377\000E\000v\000a\000l\000u\000a\000t\000i\000o\000n\000\040\000O\000v\000e\000r\000v\000i\000e\000w\000\040\000a\000n\000d\000\040\000L\000a\000t\000e\000n\000c\000y\000\040\000B\000e\000n\000c\000h\000m\000a\000r\000k}{section.264}% 160
\BOOKMARK [2][-]{subsection.268}{\376\377\000C\000r\000o\000s\000s\000-\000R\000o\000u\000n\000d\000\040\000C\000o\000m\000p\000a\000r\000i\000s\000o\000n}{section.264}% 161
\BOOKMARK [1][-]{section.274}{\376\377\000S\000Y\000S\000T\000E\000M\000\040\000E\000V\000A\000L\000U\000A\000T\000I\000O\000N}{chapter.257}% 162
\BOOKMARK [2][-]{subsection.275}{\376\377\000T\000e\000s\000t\000\040\0001\000\040\040\024\000\040\000B\000a\000s\000e\000l\000i\000n\000e\000\040\000E\000v\000a\000l\000u\000a\000t\000i\000o\000n\000\040\000\050\0002\0003\000\040\000M\000a\000r\000c\000h\000\040\0002\0000\0002\0006\000\051}{section.274}% 163
\BOOKMARK [2][-]{subsection.276}{\376\377\000T\000e\000s\000t\000\040\0002\000\040\040\024\000\040\000S\000a\000t\000u\000\040\000F\000i\000r\000s\000t\000\040\000I\000t\000e\000r\000a\000t\000i\000o\000n\000\040\000\050\0002\0005\000\040\000M\000a\000r\000c\000h\000\040\0002\0000\0002\0006\000\051}{section.274}% 164
\BOOKMARK [2][-]{subsection.277}{\376\377\000T\000e\000s\000t\000\040\0003\000\040\040\024\000\040\000S\000a\000t\000u\000\040\000F\000i\000n\000a\000l\000\040\000E\000v\000a\000l\000u\000a\000t\000i\000o\000n\000\040\000\050\0002\0009\000\040\000M\000a\000r\000c\000h\000\040\0002\0000\0002\0006\000\051}{section.274}% 165
\BOOKMARK [1][-]{section.278}{\376\377\000S\000Y\000S\000T\000E\000M\000\040\000R\000O\000B\000U\000S\000T\000N\000E\000S\000S}{chapter.257}% 166
\BOOKMARK [1][-]{section.279}{\376\377\000D\000E\000P\000L\000O\000Y\000M\000E\000N\000T\000\040\000A\000N\000D\000\040\000S\000Y\000S\000T\000E\000M\000\040\000S\000T\000A\000R\000T\000U\000P}{chapter.257}% 167
\BOOKMARK [0][-]{chapter.284}{\376\377\000C\000O\000N\000C\000L\000U\000S\000I\000O\000N}{}% 168
\BOOKMARK [1][-]{section.285}{\376\377\000S\000U\000M\000M\000A\000R\000Y}{chapter.284}% 169
\BOOKMARK [1][-]{section.286}{\376\377\000A\000C\000H\000I\000E\000V\000E\000M\000E\000N\000T\000\040\000O\000F\000\040\000O\000B\000J\000E\000C\000T\000I\000V\000E\000S}{chapter.284}% 170
\BOOKMARK [1][-]{section.287}{\376\377\000L\000I\000M\000I\000T\000A\000T\000I\000O\000N\000S}{chapter.284}% 171
\BOOKMARK [1][-]{section.288}{\376\377\000R\000E\000C\000O\000M\000M\000E\000N\000D\000A\000T\000I\000O\000N\000S\000\040\000F\000O\000R\000\040\000F\000U\000T\000U\000R\000E\000\040\000W\000O\000R\000K}{chapter.284}% 172
\BOOKMARK [0][-]{section.288}{\376\377\000R\000E\000F\000E\000R\000E\000N\000C\000E\000S}{}% 173
\BOOKMARK [0][-]{appendix*.293}{\376\377\000A\000U\000T\000H\000O\000R\000\040\000B\000I\000O\000G\000R\000A\000P\000H\000Y}{}% 174
\BOOKMARK [0][-]{appendix*.294}{\376\377\000A\000U\000T\000H\000O\000R\000\040\000B\000I\000O\000G\000R\000A\000P\000H\000Y}{}% 175
\BOOKMARK [0][-]{appendix*.295}{\376\377\000A\000U\000T\000H\000O\000R\000\040\000B\000I\000O\000G\000R\000A\000P\000H\000Y}{}% 176
\BOOKMARK [0][-]{appendix*.296}{\376\377\000A\000U\000T\000H\000O\000R\000\040\000B\000I\000O\000G\000R\000A\000P\000H\000Y}{}% 177
